Summentyp: Definieren Sie einen Summentypen “RomeOrArabic”, der Zahlen entweder als römische Zahlen (kodiert als Zeichenkette) oder als arabische Zahlen (kodiert als Number) enthält. Schreiben Sie weiterhin eine Funktion “romeOrNumber->String”, welche einen “RomeOrArabic” Wert als Parameter entgegennimmt und eine entsprechende Zeichenkette zurückliefert. Sie können die Funktion “number->string” benutzen.