Schreiben Sie ein Programm bestehend aus:

* Der Funktion „double“, welche das Doppelte einer Zahl berechnet, ohne Multiplikation zu verwenden.

* Einem Aufruf der Funktion für das Argument 21.
