Programmieren Sie eine Funktion und beachten Sie dabei das Entwurfsrezept:

(max3 a b c), die das Maximum der drei übergebenen Zahlen zurück liefert. Verwenden Sie dazu einen verschachtelten if-Ausdruck.
