Enumerationstyp: In unserem Sonnensystem existieren vier innere Planeten: Merkur, Venus, Erde und Mars. Diese benötigen für eine Umdrehung um sich selbst 84456 Minuten (Merkur), 349947 Minuten (Venus), 1436 Minuten (Erde) und 1537 Minuten (Mars). Definieren Sie einen Enumerationstyp “InnererPlanet”, dessen Werte die Zeichenketten mit den Namen der Planeten (in Kleinbuchstaben) sind. Implementieren Sie weiterhin eine Funktion “rotationProErdtage”. Diese nimmt als ersten Parameter den inneren Planeten und als zweiten eine Zahl. Das Ergebnis ist die Anzahl der Umdrehungen, die der innere Planet in der angegebenen Anzahl an Erdtagen vollführt.