Intervalltyp: Ein Vergnügungspark berechnet den Eintrittspreis je nach Körpergröße des Besuchers. Ein Besucher bis zu 120cm (d.h. ein Kleinkind) ist frei, für Besucher über 120cm bis zu 140cm (d.h. ein Kind) kostet 12 Euro und ein Besucher über 140cm kostet 15 Euro. Definieren Sie einen Intervalltyp “Besucher” der auf dem Typ Number aufbaut und diesen in drei Intervalle einteilt. Implementieren Sie außerdem eine Funktion “preis”, die als Parameter einen Besucher entgegennimmt und den Eintrittspreis zurückliefert.